// Jest Snapshot v1, https://goo.gl/fbAQLP

exports[`Preview Component renders correctly 1`] = `
ShallowWrapper {
  "length": 1,
  Symbol(enzyme.__root__): [Circular],
  Symbol(enzyme.__unrendered__): <Preview
    isValid={false}
    url="https://ephtracking.cdc.gov/apigateway/api/v1/measures/null/0/0"
    validUrl={true}
/>,
  Symbol(enzyme.__renderer__): Object {
    "batchedUpdates": [Function],
    "getNode": [Function],
    "render": [Function],
    "simulateEvent": [Function],
    "unmount": [Function],
  },
  Symbol(enzyme.__node__): Object {
    "instance": null,
    "key": undefined,
    "nodeType": "function",
    "props": Object {
      "children": Array [
        <h5
          className="title is-5"
>
          Output
</h5>,
        <div
          className="columns"
>
          <div
                    className="column is-three-quarters"
          >
                    <CodeBlock>
                              <a
                                        href="https://ephtracking.cdc.gov/apigateway/api/v1/measures/null/0/0"
                                        rel="noopener noreferrer"
                                        target="_blank"
                              >
                                        https://ephtracking.cdc.gov/apigateway/api/v1/measures/null/0/0
                              </a>
                    </CodeBlock>
          </div>
          <div
                    className="column"
          >
                    <CopyToClipboard
                              onCopy={[Function]}
                              options={undefined}
                              text="https://ephtracking.cdc.gov/apigateway/api/v1/measures/null/0/0"
                    >
                              <button
                                        className="button"
                                        disabled={false}
                              >
                                        Copy to Clipboard
                              </button>
                    </CopyToClipboard>
          </div>
</div>,
        <ApiJsonTree
          url="https://ephtracking.cdc.gov/apigateway/api/v1/measures/null/0/0"
/>,
      ],
    },
    "ref": null,
    "rendered": Array [
      Object {
        "instance": null,
        "key": undefined,
        "nodeType": "host",
        "props": Object {
          "children": "Output",
          "className": "title is-5",
        },
        "ref": null,
        "rendered": "Output",
        "type": "h5",
      },
      Object {
        "instance": null,
        "key": undefined,
        "nodeType": "host",
        "props": Object {
          "children": Array [
            <div
              className="column is-three-quarters"
>
              <CodeBlock>
                            <a
                                          href="https://ephtracking.cdc.gov/apigateway/api/v1/measures/null/0/0"
                                          rel="noopener noreferrer"
                                          target="_blank"
                            >
                                          https://ephtracking.cdc.gov/apigateway/api/v1/measures/null/0/0
                            </a>
              </CodeBlock>
</div>,
            <div
              className="column"
>
              <CopyToClipboard
                            onCopy={[Function]}
                            options={undefined}
                            text="https://ephtracking.cdc.gov/apigateway/api/v1/measures/null/0/0"
              >
                            <button
                                          className="button"
                                          disabled={false}
                            >
                                          Copy to Clipboard
                            </button>
              </CopyToClipboard>
</div>,
          ],
          "className": "columns",
        },
        "ref": null,
        "rendered": Array [
          Object {
            "instance": null,
            "key": undefined,
            "nodeType": "host",
            "props": Object {
              "children": <CodeBlock>
                <a
                                href="https://ephtracking.cdc.gov/apigateway/api/v1/measures/null/0/0"
                                rel="noopener noreferrer"
                                target="_blank"
                >
                                https://ephtracking.cdc.gov/apigateway/api/v1/measures/null/0/0
                </a>
</CodeBlock>,
              "className": "column is-three-quarters",
            },
            "ref": null,
            "rendered": Object {
              "instance": null,
              "key": undefined,
              "nodeType": "function",
              "props": Object {
                "children": <a
                  href="https://ephtracking.cdc.gov/apigateway/api/v1/measures/null/0/0"
                  rel="noopener noreferrer"
                  target="_blank"
>
                  https://ephtracking.cdc.gov/apigateway/api/v1/measures/null/0/0
</a>,
              },
              "ref": null,
              "rendered": Object {
                "instance": null,
                "key": undefined,
                "nodeType": "host",
                "props": Object {
                  "children": "https://ephtracking.cdc.gov/apigateway/api/v1/measures/null/0/0",
                  "href": "https://ephtracking.cdc.gov/apigateway/api/v1/measures/null/0/0",
                  "rel": "noopener noreferrer",
                  "target": "_blank",
                },
                "ref": null,
                "rendered": "https://ephtracking.cdc.gov/apigateway/api/v1/measures/null/0/0",
                "type": "a",
              },
              "type": [Function],
            },
            "type": "div",
          },
          Object {
            "instance": null,
            "key": undefined,
            "nodeType": "host",
            "props": Object {
              "children": <CopyToClipboard
                onCopy={[Function]}
                options={undefined}
                text="https://ephtracking.cdc.gov/apigateway/api/v1/measures/null/0/0"
>
                <button
                                className="button"
                                disabled={false}
                >
                                Copy to Clipboard
                </button>
</CopyToClipboard>,
              "className": "column",
            },
            "ref": null,
            "rendered": Object {
              "instance": null,
              "key": undefined,
              "nodeType": "class",
              "props": Object {
                "children": <button
                  className="button"
                  disabled={false}
>
                  Copy to Clipboard
</button>,
                "onCopy": [Function],
                "options": undefined,
                "text": "https://ephtracking.cdc.gov/apigateway/api/v1/measures/null/0/0",
              },
              "ref": null,
              "rendered": Object {
                "instance": null,
                "key": undefined,
                "nodeType": "host",
                "props": Object {
                  "children": "Copy to Clipboard",
                  "className": "button",
                  "disabled": false,
                },
                "ref": null,
                "rendered": "Copy to Clipboard",
                "type": "button",
              },
              "type": [Function],
            },
            "type": "div",
          },
        ],
        "type": "div",
      },
      Object {
        "instance": null,
        "key": undefined,
        "nodeType": "class",
        "props": Object {
          "url": "https://ephtracking.cdc.gov/apigateway/api/v1/measures/null/0/0",
        },
        "ref": null,
        "rendered": null,
        "type": [Function],
      },
    ],
    "type": Symbol(react.fragment),
  },
  Symbol(enzyme.__nodes__): Array [
    Object {
      "instance": null,
      "key": undefined,
      "nodeType": "function",
      "props": Object {
        "children": Array [
          <h5
            className="title is-5"
>
            Output
</h5>,
          <div
            className="columns"
>
            <div
                        className="column is-three-quarters"
            >
                        <CodeBlock>
                                    <a
                                                href="https://ephtracking.cdc.gov/apigateway/api/v1/measures/null/0/0"
                                                rel="noopener noreferrer"
                                                target="_blank"
                                    >
                                                https://ephtracking.cdc.gov/apigateway/api/v1/measures/null/0/0
                                    </a>
                        </CodeBlock>
            </div>
            <div
                        className="column"
            >
                        <CopyToClipboard
                                    onCopy={[Function]}
                                    options={undefined}
                                    text="https://ephtracking.cdc.gov/apigateway/api/v1/measures/null/0/0"
                        >
                                    <button
                                                className="button"
                                                disabled={false}
                                    >
                                                Copy to Clipboard
                                    </button>
                        </CopyToClipboard>
            </div>
</div>,
          <ApiJsonTree
            url="https://ephtracking.cdc.gov/apigateway/api/v1/measures/null/0/0"
/>,
        ],
      },
      "ref": null,
      "rendered": Array [
        Object {
          "instance": null,
          "key": undefined,
          "nodeType": "host",
          "props": Object {
            "children": "Output",
            "className": "title is-5",
          },
          "ref": null,
          "rendered": "Output",
          "type": "h5",
        },
        Object {
          "instance": null,
          "key": undefined,
          "nodeType": "host",
          "props": Object {
            "children": Array [
              <div
                className="column is-three-quarters"
>
                <CodeBlock>
                                <a
                                                href="https://ephtracking.cdc.gov/apigateway/api/v1/measures/null/0/0"
                                                rel="noopener noreferrer"
                                                target="_blank"
                                >
                                                https://ephtracking.cdc.gov/apigateway/api/v1/measures/null/0/0
                                </a>
                </CodeBlock>
</div>,
              <div
                className="column"
>
                <CopyToClipboard
                                onCopy={[Function]}
                                options={undefined}
                                text="https://ephtracking.cdc.gov/apigateway/api/v1/measures/null/0/0"
                >
                                <button
                                                className="button"
                                                disabled={false}
                                >
                                                Copy to Clipboard
                                </button>
                </CopyToClipboard>
</div>,
            ],
            "className": "columns",
          },
          "ref": null,
          "rendered": Array [
            Object {
              "instance": null,
              "key": undefined,
              "nodeType": "host",
              "props": Object {
                "children": <CodeBlock>
                  <a
                                    href="https://ephtracking.cdc.gov/apigateway/api/v1/measures/null/0/0"
                                    rel="noopener noreferrer"
                                    target="_blank"
                  >
                                    https://ephtracking.cdc.gov/apigateway/api/v1/measures/null/0/0
                  </a>
</CodeBlock>,
                "className": "column is-three-quarters",
              },
              "ref": null,
              "rendered": Object {
                "instance": null,
                "key": undefined,
                "nodeType": "function",
                "props": Object {
                  "children": <a
                    href="https://ephtracking.cdc.gov/apigateway/api/v1/measures/null/0/0"
                    rel="noopener noreferrer"
                    target="_blank"
>
                    https://ephtracking.cdc.gov/apigateway/api/v1/measures/null/0/0
</a>,
                },
                "ref": null,
                "rendered": Object {
                  "instance": null,
                  "key": undefined,
                  "nodeType": "host",
                  "props": Object {
                    "children": "https://ephtracking.cdc.gov/apigateway/api/v1/measures/null/0/0",
                    "href": "https://ephtracking.cdc.gov/apigateway/api/v1/measures/null/0/0",
                    "rel": "noopener noreferrer",
                    "target": "_blank",
                  },
                  "ref": null,
                  "rendered": "https://ephtracking.cdc.gov/apigateway/api/v1/measures/null/0/0",
                  "type": "a",
                },
                "type": [Function],
              },
              "type": "div",
            },
            Object {
              "instance": null,
              "key": undefined,
              "nodeType": "host",
              "props": Object {
                "children": <CopyToClipboard
                  onCopy={[Function]}
                  options={undefined}
                  text="https://ephtracking.cdc.gov/apigateway/api/v1/measures/null/0/0"
>
                  <button
                                    className="button"
                                    disabled={false}
                  >
                                    Copy to Clipboard
                  </button>
</CopyToClipboard>,
                "className": "column",
              },
              "ref": null,
              "rendered": Object {
                "instance": null,
                "key": undefined,
                "nodeType": "class",
                "props": Object {
                  "children": <button
                    className="button"
                    disabled={false}
>
                    Copy to Clipboard
</button>,
                  "onCopy": [Function],
                  "options": undefined,
                  "text": "https://ephtracking.cdc.gov/apigateway/api/v1/measures/null/0/0",
                },
                "ref": null,
                "rendered": Object {
                  "instance": null,
                  "key": undefined,
                  "nodeType": "host",
                  "props": Object {
                    "children": "Copy to Clipboard",
                    "className": "button",
                    "disabled": false,
                  },
                  "ref": null,
                  "rendered": "Copy to Clipboard",
                  "type": "button",
                },
                "type": [Function],
              },
              "type": "div",
            },
          ],
          "type": "div",
        },
        Object {
          "instance": null,
          "key": undefined,
          "nodeType": "class",
          "props": Object {
            "url": "https://ephtracking.cdc.gov/apigateway/api/v1/measures/null/0/0",
          },
          "ref": null,
          "rendered": null,
          "type": [Function],
        },
      ],
      "type": Symbol(react.fragment),
    },
  ],
  Symbol(enzyme.__options__): Object {
    "adapter": ReactSixteenAdapter {
      "options": Object {
        "enableComponentDidUpdateOnSetState": true,
      },
    },
  },
}
`;

exports[`Preview Component rendes correctly 1`] = `
ShallowWrapper {
  "length": 1,
  Symbol(enzyme.__root__): [Circular],
  Symbol(enzyme.__unrendered__): <Preview
    isValid={false}
    url="https://ephtracking.cdc.gov/apigateway/api/v1/measures/null/0/0"
    validUrl={true}
/>,
  Symbol(enzyme.__renderer__): Object {
    "batchedUpdates": [Function],
    "getNode": [Function],
    "render": [Function],
    "simulateEvent": [Function],
    "unmount": [Function],
  },
  Symbol(enzyme.__node__): Object {
    "instance": null,
    "key": undefined,
    "nodeType": "function",
    "props": Object {
      "children": Array [
        <h5
          className="title is-5"
>
          Output
</h5>,
        <div
          className="columns"
>
          <div
                    className="column is-three-quarters"
          >
                    <CodeBlock>
                              <a
                                        href="https://ephtracking.cdc.gov/apigateway/api/v1/measures/null/0/0"
                                        rel="noopener noreferrer"
                                        target="_blank"
                              >
                                        https://ephtracking.cdc.gov/apigateway/api/v1/measures/null/0/0
                              </a>
                    </CodeBlock>
          </div>
          <div
                    className="column"
          >
                    <CopyToClipboard
                              onCopy={[Function]}
                              options={undefined}
                              text="https://ephtracking.cdc.gov/apigateway/api/v1/measures/null/0/0"
                    >
                              <button
                                        className="button"
                                        disabled={false}
                              >
                                        Copy to Clipboard
                              </button>
                    </CopyToClipboard>
          </div>
</div>,
        <ApiJsonTree
          url="https://ephtracking.cdc.gov/apigateway/api/v1/measures/null/0/0"
/>,
      ],
    },
    "ref": null,
    "rendered": Array [
      Object {
        "instance": null,
        "key": undefined,
        "nodeType": "host",
        "props": Object {
          "children": "Output",
          "className": "title is-5",
        },
        "ref": null,
        "rendered": "Output",
        "type": "h5",
      },
      Object {
        "instance": null,
        "key": undefined,
        "nodeType": "host",
        "props": Object {
          "children": Array [
            <div
              className="column is-three-quarters"
>
              <CodeBlock>
                            <a
                                          href="https://ephtracking.cdc.gov/apigateway/api/v1/measures/null/0/0"
                                          rel="noopener noreferrer"
                                          target="_blank"
                            >
                                          https://ephtracking.cdc.gov/apigateway/api/v1/measures/null/0/0
                            </a>
              </CodeBlock>
</div>,
            <div
              className="column"
>
              <CopyToClipboard
                            onCopy={[Function]}
                            options={undefined}
                            text="https://ephtracking.cdc.gov/apigateway/api/v1/measures/null/0/0"
              >
                            <button
                                          className="button"
                                          disabled={false}
                            >
                                          Copy to Clipboard
                            </button>
              </CopyToClipboard>
</div>,
          ],
          "className": "columns",
        },
        "ref": null,
        "rendered": Array [
          Object {
            "instance": null,
            "key": undefined,
            "nodeType": "host",
            "props": Object {
              "children": <CodeBlock>
                <a
                                href="https://ephtracking.cdc.gov/apigateway/api/v1/measures/null/0/0"
                                rel="noopener noreferrer"
                                target="_blank"
                >
                                https://ephtracking.cdc.gov/apigateway/api/v1/measures/null/0/0
                </a>
</CodeBlock>,
              "className": "column is-three-quarters",
            },
            "ref": null,
            "rendered": Object {
              "instance": null,
              "key": undefined,
              "nodeType": "function",
              "props": Object {
                "children": <a
                  href="https://ephtracking.cdc.gov/apigateway/api/v1/measures/null/0/0"
                  rel="noopener noreferrer"
                  target="_blank"
>
                  https://ephtracking.cdc.gov/apigateway/api/v1/measures/null/0/0
</a>,
              },
              "ref": null,
              "rendered": Object {
                "instance": null,
                "key": undefined,
                "nodeType": "host",
                "props": Object {
                  "children": "https://ephtracking.cdc.gov/apigateway/api/v1/measures/null/0/0",
                  "href": "https://ephtracking.cdc.gov/apigateway/api/v1/measures/null/0/0",
                  "rel": "noopener noreferrer",
                  "target": "_blank",
                },
                "ref": null,
                "rendered": "https://ephtracking.cdc.gov/apigateway/api/v1/measures/null/0/0",
                "type": "a",
              },
              "type": [Function],
            },
            "type": "div",
          },
          Object {
            "instance": null,
            "key": undefined,
            "nodeType": "host",
            "props": Object {
              "children": <CopyToClipboard
                onCopy={[Function]}
                options={undefined}
                text="https://ephtracking.cdc.gov/apigateway/api/v1/measures/null/0/0"
>
                <button
                                className="button"
                                disabled={false}
                >
                                Copy to Clipboard
                </button>
</CopyToClipboard>,
              "className": "column",
            },
            "ref": null,
            "rendered": Object {
              "instance": null,
              "key": undefined,
              "nodeType": "class",
              "props": Object {
                "children": <button
                  className="button"
                  disabled={false}
>
                  Copy to Clipboard
</button>,
                "onCopy": [Function],
                "options": undefined,
                "text": "https://ephtracking.cdc.gov/apigateway/api/v1/measures/null/0/0",
              },
              "ref": null,
              "rendered": Object {
                "instance": null,
                "key": undefined,
                "nodeType": "host",
                "props": Object {
                  "children": "Copy to Clipboard",
                  "className": "button",
                  "disabled": false,
                },
                "ref": null,
                "rendered": "Copy to Clipboard",
                "type": "button",
              },
              "type": [Function],
            },
            "type": "div",
          },
        ],
        "type": "div",
      },
      Object {
        "instance": null,
        "key": undefined,
        "nodeType": "class",
        "props": Object {
          "url": "https://ephtracking.cdc.gov/apigateway/api/v1/measures/null/0/0",
        },
        "ref": null,
        "rendered": null,
        "type": [Function],
      },
    ],
    "type": Symbol(react.fragment),
  },
  Symbol(enzyme.__nodes__): Array [
    Object {
      "instance": null,
      "key": undefined,
      "nodeType": "function",
      "props": Object {
        "children": Array [
          <h5
            className="title is-5"
>
            Output
</h5>,
          <div
            className="columns"
>
            <div
                        className="column is-three-quarters"
            >
                        <CodeBlock>
                                    <a
                                                href="https://ephtracking.cdc.gov/apigateway/api/v1/measures/null/0/0"
                                                rel="noopener noreferrer"
                                                target="_blank"
                                    >
                                                https://ephtracking.cdc.gov/apigateway/api/v1/measures/null/0/0
                                    </a>
                        </CodeBlock>
            </div>
            <div
                        className="column"
            >
                        <CopyToClipboard
                                    onCopy={[Function]}
                                    options={undefined}
                                    text="https://ephtracking.cdc.gov/apigateway/api/v1/measures/null/0/0"
                        >
                                    <button
                                                className="button"
                                                disabled={false}
                                    >
                                                Copy to Clipboard
                                    </button>
                        </CopyToClipboard>
            </div>
</div>,
          <ApiJsonTree
            url="https://ephtracking.cdc.gov/apigateway/api/v1/measures/null/0/0"
/>,
        ],
      },
      "ref": null,
      "rendered": Array [
        Object {
          "instance": null,
          "key": undefined,
          "nodeType": "host",
          "props": Object {
            "children": "Output",
            "className": "title is-5",
          },
          "ref": null,
          "rendered": "Output",
          "type": "h5",
        },
        Object {
          "instance": null,
          "key": undefined,
          "nodeType": "host",
          "props": Object {
            "children": Array [
              <div
                className="column is-three-quarters"
>
                <CodeBlock>
                                <a
                                                href="https://ephtracking.cdc.gov/apigateway/api/v1/measures/null/0/0"
                                                rel="noopener noreferrer"
                                                target="_blank"
                                >
                                                https://ephtracking.cdc.gov/apigateway/api/v1/measures/null/0/0
                                </a>
                </CodeBlock>
</div>,
              <div
                className="column"
>
                <CopyToClipboard
                                onCopy={[Function]}
                                options={undefined}
                                text="https://ephtracking.cdc.gov/apigateway/api/v1/measures/null/0/0"
                >
                                <button
                                                className="button"
                                                disabled={false}
                                >
                                                Copy to Clipboard
                                </button>
                </CopyToClipboard>
</div>,
            ],
            "className": "columns",
          },
          "ref": null,
          "rendered": Array [
            Object {
              "instance": null,
              "key": undefined,
              "nodeType": "host",
              "props": Object {
                "children": <CodeBlock>
                  <a
                                    href="https://ephtracking.cdc.gov/apigateway/api/v1/measures/null/0/0"
                                    rel="noopener noreferrer"
                                    target="_blank"
                  >
                                    https://ephtracking.cdc.gov/apigateway/api/v1/measures/null/0/0
                  </a>
</CodeBlock>,
                "className": "column is-three-quarters",
              },
              "ref": null,
              "rendered": Object {
                "instance": null,
                "key": undefined,
                "nodeType": "function",
                "props": Object {
                  "children": <a
                    href="https://ephtracking.cdc.gov/apigateway/api/v1/measures/null/0/0"
                    rel="noopener noreferrer"
                    target="_blank"
>
                    https://ephtracking.cdc.gov/apigateway/api/v1/measures/null/0/0
</a>,
                },
                "ref": null,
                "rendered": Object {
                  "instance": null,
                  "key": undefined,
                  "nodeType": "host",
                  "props": Object {
                    "children": "https://ephtracking.cdc.gov/apigateway/api/v1/measures/null/0/0",
                    "href": "https://ephtracking.cdc.gov/apigateway/api/v1/measures/null/0/0",
                    "rel": "noopener noreferrer",
                    "target": "_blank",
                  },
                  "ref": null,
                  "rendered": "https://ephtracking.cdc.gov/apigateway/api/v1/measures/null/0/0",
                  "type": "a",
                },
                "type": [Function],
              },
              "type": "div",
            },
            Object {
              "instance": null,
              "key": undefined,
              "nodeType": "host",
              "props": Object {
                "children": <CopyToClipboard
                  onCopy={[Function]}
                  options={undefined}
                  text="https://ephtracking.cdc.gov/apigateway/api/v1/measures/null/0/0"
>
                  <button
                                    className="button"
                                    disabled={false}
                  >
                                    Copy to Clipboard
                  </button>
</CopyToClipboard>,
                "className": "column",
              },
              "ref": null,
              "rendered": Object {
                "instance": null,
                "key": undefined,
                "nodeType": "class",
                "props": Object {
                  "children": <button
                    className="button"
                    disabled={false}
>
                    Copy to Clipboard
</button>,
                  "onCopy": [Function],
                  "options": undefined,
                  "text": "https://ephtracking.cdc.gov/apigateway/api/v1/measures/null/0/0",
                },
                "ref": null,
                "rendered": Object {
                  "instance": null,
                  "key": undefined,
                  "nodeType": "host",
                  "props": Object {
                    "children": "Copy to Clipboard",
                    "className": "button",
                    "disabled": false,
                  },
                  "ref": null,
                  "rendered": "Copy to Clipboard",
                  "type": "button",
                },
                "type": [Function],
              },
              "type": "div",
            },
          ],
          "type": "div",
        },
        Object {
          "instance": null,
          "key": undefined,
          "nodeType": "class",
          "props": Object {
            "url": "https://ephtracking.cdc.gov/apigateway/api/v1/measures/null/0/0",
          },
          "ref": null,
          "rendered": null,
          "type": [Function],
        },
      ],
      "type": Symbol(react.fragment),
    },
  ],
  Symbol(enzyme.__options__): Object {
    "adapter": ReactSixteenAdapter {
      "options": Object {
        "enableComponentDidUpdateOnSetState": true,
      },
    },
  },
}
`;
