// Jest Snapshot v1, https://goo.gl/fbAQLP

exports[`Page Home renders correctly 1`] = `
ShallowWrapper {
  "length": 1,
  Symbol(enzyme.__root__): [Circular],
  Symbol(enzyme.__unrendered__): <Home />,
  Symbol(enzyme.__renderer__): Object {
    "batchedUpdates": [Function],
    "getNode": [Function],
    "render": [Function],
    "simulateEvent": [Function],
    "unmount": [Function],
  },
  Symbol(enzyme.__node__): Object {
    "instance": null,
    "key": undefined,
    "nodeType": "function",
    "props": Object {
      "children": Array [
        <section
          className="hero is-primary"
>
          <div
                    className="hero-body"
          >
                    <div
                              className="container"
                    >
                              <h1
                                        className="title"
                              >
                                        EPH Tracking API Assistant
                              </h1>
                              <h4
                                        className="subtitle"
                              >
                                        National Environmental Public Health Tracking 
                                        <br />
                                        Centers for Disease Control and Prevention
                              </h4>
                    </div>
          </div>
</section>,
        <hr />,
        <p>
          This web application helps you to explore the EPH Tracking API and lets you interactively build API call statements.
</p>,
        <a
          href="https://ephtracking.cdc.gov/apihelp"
          rel="noopener noreferrer"
          target="_blank"
>
          See official docs on www.cdc.gov
</a>,
      ],
    },
    "ref": null,
    "rendered": Array [
      Object {
        "instance": null,
        "key": undefined,
        "nodeType": "host",
        "props": Object {
          "children": <div
            className="hero-body"
>
            <div
                        className="container"
            >
                        <h1
                                    className="title"
                        >
                                    EPH Tracking API Assistant
                        </h1>
                        <h4
                                    className="subtitle"
                        >
                                    National Environmental Public Health Tracking 
                                    <br />
                                    Centers for Disease Control and Prevention
                        </h4>
            </div>
</div>,
          "className": "hero is-primary",
        },
        "ref": null,
        "rendered": Object {
          "instance": null,
          "key": undefined,
          "nodeType": "host",
          "props": Object {
            "children": <div
              className="container"
>
              <h1
                            className="title"
              >
                            EPH Tracking API Assistant
              </h1>
              <h4
                            className="subtitle"
              >
                            National Environmental Public Health Tracking 
                            <br />
                            Centers for Disease Control and Prevention
              </h4>
</div>,
            "className": "hero-body",
          },
          "ref": null,
          "rendered": Object {
            "instance": null,
            "key": undefined,
            "nodeType": "host",
            "props": Object {
              "children": Array [
                <h1
                  className="title"
>
                  EPH Tracking API Assistant
</h1>,
                <h4
                  className="subtitle"
>
                  National Environmental Public Health Tracking 
                  <br />
                  Centers for Disease Control and Prevention
</h4>,
              ],
              "className": "container",
            },
            "ref": null,
            "rendered": Array [
              Object {
                "instance": null,
                "key": undefined,
                "nodeType": "host",
                "props": Object {
                  "children": "EPH Tracking API Assistant",
                  "className": "title",
                },
                "ref": null,
                "rendered": "EPH Tracking API Assistant",
                "type": "h1",
              },
              Object {
                "instance": null,
                "key": undefined,
                "nodeType": "host",
                "props": Object {
                  "children": Array [
                    "National Environmental Public Health Tracking ",
                    <br />,
                    "Centers for Disease Control and Prevention",
                  ],
                  "className": "subtitle",
                },
                "ref": null,
                "rendered": Array [
                  "National Environmental Public Health Tracking ",
                  Object {
                    "instance": null,
                    "key": undefined,
                    "nodeType": "host",
                    "props": Object {},
                    "ref": null,
                    "rendered": null,
                    "type": "br",
                  },
                  "Centers for Disease Control and Prevention",
                ],
                "type": "h4",
              },
            ],
            "type": "div",
          },
          "type": "div",
        },
        "type": "section",
      },
      Object {
        "instance": null,
        "key": undefined,
        "nodeType": "host",
        "props": Object {},
        "ref": null,
        "rendered": null,
        "type": "hr",
      },
      Object {
        "instance": null,
        "key": undefined,
        "nodeType": "host",
        "props": Object {
          "children": "This web application helps you to explore the EPH Tracking API and lets you interactively build API call statements.",
        },
        "ref": null,
        "rendered": "This web application helps you to explore the EPH Tracking API and lets you interactively build API call statements.",
        "type": "p",
      },
      Object {
        "instance": null,
        "key": undefined,
        "nodeType": "host",
        "props": Object {
          "children": "See official docs on www.cdc.gov",
          "href": "https://ephtracking.cdc.gov/apihelp",
          "rel": "noopener noreferrer",
          "target": "_blank",
        },
        "ref": null,
        "rendered": "See official docs on www.cdc.gov",
        "type": "a",
      },
    ],
    "type": Symbol(react.fragment),
  },
  Symbol(enzyme.__nodes__): Array [
    Object {
      "instance": null,
      "key": undefined,
      "nodeType": "function",
      "props": Object {
        "children": Array [
          <section
            className="hero is-primary"
>
            <div
                        className="hero-body"
            >
                        <div
                                    className="container"
                        >
                                    <h1
                                                className="title"
                                    >
                                                EPH Tracking API Assistant
                                    </h1>
                                    <h4
                                                className="subtitle"
                                    >
                                                National Environmental Public Health Tracking 
                                                <br />
                                                Centers for Disease Control and Prevention
                                    </h4>
                        </div>
            </div>
</section>,
          <hr />,
          <p>
            This web application helps you to explore the EPH Tracking API and lets you interactively build API call statements.
</p>,
          <a
            href="https://ephtracking.cdc.gov/apihelp"
            rel="noopener noreferrer"
            target="_blank"
>
            See official docs on www.cdc.gov
</a>,
        ],
      },
      "ref": null,
      "rendered": Array [
        Object {
          "instance": null,
          "key": undefined,
          "nodeType": "host",
          "props": Object {
            "children": <div
              className="hero-body"
>
              <div
                            className="container"
              >
                            <h1
                                          className="title"
                            >
                                          EPH Tracking API Assistant
                            </h1>
                            <h4
                                          className="subtitle"
                            >
                                          National Environmental Public Health Tracking 
                                          <br />
                                          Centers for Disease Control and Prevention
                            </h4>
              </div>
</div>,
            "className": "hero is-primary",
          },
          "ref": null,
          "rendered": Object {
            "instance": null,
            "key": undefined,
            "nodeType": "host",
            "props": Object {
              "children": <div
                className="container"
>
                <h1
                                className="title"
                >
                                EPH Tracking API Assistant
                </h1>
                <h4
                                className="subtitle"
                >
                                National Environmental Public Health Tracking 
                                <br />
                                Centers for Disease Control and Prevention
                </h4>
</div>,
              "className": "hero-body",
            },
            "ref": null,
            "rendered": Object {
              "instance": null,
              "key": undefined,
              "nodeType": "host",
              "props": Object {
                "children": Array [
                  <h1
                    className="title"
>
                    EPH Tracking API Assistant
</h1>,
                  <h4
                    className="subtitle"
>
                    National Environmental Public Health Tracking 
                    <br />
                    Centers for Disease Control and Prevention
</h4>,
                ],
                "className": "container",
              },
              "ref": null,
              "rendered": Array [
                Object {
                  "instance": null,
                  "key": undefined,
                  "nodeType": "host",
                  "props": Object {
                    "children": "EPH Tracking API Assistant",
                    "className": "title",
                  },
                  "ref": null,
                  "rendered": "EPH Tracking API Assistant",
                  "type": "h1",
                },
                Object {
                  "instance": null,
                  "key": undefined,
                  "nodeType": "host",
                  "props": Object {
                    "children": Array [
                      "National Environmental Public Health Tracking ",
                      <br />,
                      "Centers for Disease Control and Prevention",
                    ],
                    "className": "subtitle",
                  },
                  "ref": null,
                  "rendered": Array [
                    "National Environmental Public Health Tracking ",
                    Object {
                      "instance": null,
                      "key": undefined,
                      "nodeType": "host",
                      "props": Object {},
                      "ref": null,
                      "rendered": null,
                      "type": "br",
                    },
                    "Centers for Disease Control and Prevention",
                  ],
                  "type": "h4",
                },
              ],
              "type": "div",
            },
            "type": "div",
          },
          "type": "section",
        },
        Object {
          "instance": null,
          "key": undefined,
          "nodeType": "host",
          "props": Object {},
          "ref": null,
          "rendered": null,
          "type": "hr",
        },
        Object {
          "instance": null,
          "key": undefined,
          "nodeType": "host",
          "props": Object {
            "children": "This web application helps you to explore the EPH Tracking API and lets you interactively build API call statements.",
          },
          "ref": null,
          "rendered": "This web application helps you to explore the EPH Tracking API and lets you interactively build API call statements.",
          "type": "p",
        },
        Object {
          "instance": null,
          "key": undefined,
          "nodeType": "host",
          "props": Object {
            "children": "See official docs on www.cdc.gov",
            "href": "https://ephtracking.cdc.gov/apihelp",
            "rel": "noopener noreferrer",
            "target": "_blank",
          },
          "ref": null,
          "rendered": "See official docs on www.cdc.gov",
          "type": "a",
        },
      ],
      "type": Symbol(react.fragment),
    },
  ],
  Symbol(enzyme.__options__): Object {
    "adapter": ReactSixteenAdapter {
      "options": Object {
        "enableComponentDidUpdateOnSetState": true,
      },
    },
  },
}
`;
