// Jest Snapshot v1, https://goo.gl/fbAQLP

exports[`Page Geography renders correctly 1`] = `
ShallowWrapper {
  "length": 1,
  Symbol(enzyme.__root__): [Circular],
  Symbol(enzyme.__unrendered__): <Geography />,
  Symbol(enzyme.__renderer__): Object {
    "batchedUpdates": [Function],
    "getNode": [Function],
    "render": [Function],
    "simulateEvent": [Function],
    "unmount": [Function],
  },
  Symbol(enzyme.__node__): Object {
    "instance": null,
    "key": undefined,
    "nodeType": "function",
    "props": Object {
      "children": Array [
        <h1
          className="title"
>
          Retrieving all Geographies for a MeasureId, GeographicType and Geographic Rollup
</h1>,
        <h5
          className="title is-5"
>
          Usage
</h5>,
        <CodeBlock>
          https://ephtracking.cdc.gov/apigateway/api/
          {
          version
          }
          /geography/
          {
          measureId
          }
          /
          {
          geographicTypeId
          }
          /
          {
          geographicRollup
          }
          [?apiToken]
</CodeBlock>,
        <hr />,
        <h5
          className="title is-5"
>
          Set parameters
</h5>,
        <CIM
          handleSelect={[Function]}
/>,
        <SelectGeographicType
          handleSelect={[Function]}
          measureId={null}
/>,
        <div
          className="field"
>
          <label
                    className="checkbox"
          >
                    <input
                              checked={false}
                              className="input-checkbox"
                              name="geographicRollup"
                              onChange={[Function]}
                              type="checkbox"
                    />
                    geographicRollup
          </label>
</div>,
        <hr />,
        <Preview
          url="https://ephtracking.cdc.gov/apigateway/api/v1/geography/null/null/0"
          validUrl={false}
/>,
      ],
    },
    "ref": null,
    "rendered": Array [
      Object {
        "instance": null,
        "key": undefined,
        "nodeType": "host",
        "props": Object {
          "children": "Retrieving all Geographies for a MeasureId, GeographicType and Geographic Rollup",
          "className": "title",
        },
        "ref": null,
        "rendered": "Retrieving all Geographies for a MeasureId, GeographicType and Geographic Rollup",
        "type": "h1",
      },
      Object {
        "instance": null,
        "key": undefined,
        "nodeType": "host",
        "props": Object {
          "children": "Usage",
          "className": "title is-5",
        },
        "ref": null,
        "rendered": "Usage",
        "type": "h5",
      },
      Object {
        "instance": null,
        "key": undefined,
        "nodeType": "function",
        "props": Object {
          "children": Array [
            "https://ephtracking.cdc.gov/apigateway/api/",
            "{",
            "version",
            "}",
            "/geography/",
            "{",
            "measureId",
            "}",
            "/",
            "{",
            "geographicTypeId",
            "}",
            "/",
            "{",
            "geographicRollup",
            "}",
            "[?apiToken]",
          ],
        },
        "ref": null,
        "rendered": Array [
          "https://ephtracking.cdc.gov/apigateway/api/",
          "{",
          "version",
          "}",
          "/geography/",
          "{",
          "measureId",
          "}",
          "/",
          "{",
          "geographicTypeId",
          "}",
          "/",
          "{",
          "geographicRollup",
          "}",
          "[?apiToken]",
        ],
        "type": [Function],
      },
      Object {
        "instance": null,
        "key": undefined,
        "nodeType": "host",
        "props": Object {},
        "ref": null,
        "rendered": null,
        "type": "hr",
      },
      Object {
        "instance": null,
        "key": undefined,
        "nodeType": "host",
        "props": Object {
          "children": "Set parameters",
          "className": "title is-5",
        },
        "ref": null,
        "rendered": "Set parameters",
        "type": "h5",
      },
      Object {
        "instance": null,
        "key": undefined,
        "nodeType": "class",
        "props": Object {
          "handleSelect": [Function],
        },
        "ref": null,
        "rendered": null,
        "type": [Function],
      },
      Object {
        "instance": null,
        "key": undefined,
        "nodeType": "class",
        "props": Object {
          "handleSelect": [Function],
          "measureId": null,
        },
        "ref": null,
        "rendered": null,
        "type": [Function],
      },
      Object {
        "instance": null,
        "key": undefined,
        "nodeType": "host",
        "props": Object {
          "children": <label
            className="checkbox"
>
            <input
                        checked={false}
                        className="input-checkbox"
                        name="geographicRollup"
                        onChange={[Function]}
                        type="checkbox"
            />
            geographicRollup
</label>,
          "className": "field",
        },
        "ref": null,
        "rendered": Object {
          "instance": null,
          "key": undefined,
          "nodeType": "host",
          "props": Object {
            "children": Array [
              <input
                checked={false}
                className="input-checkbox"
                name="geographicRollup"
                onChange={[Function]}
                type="checkbox"
/>,
              "geographicRollup",
            ],
            "className": "checkbox",
          },
          "ref": null,
          "rendered": Array [
            Object {
              "instance": null,
              "key": undefined,
              "nodeType": "host",
              "props": Object {
                "checked": false,
                "className": "input-checkbox",
                "name": "geographicRollup",
                "onChange": [Function],
                "type": "checkbox",
              },
              "ref": null,
              "rendered": null,
              "type": "input",
            },
            "geographicRollup",
          ],
          "type": "label",
        },
        "type": "div",
      },
      Object {
        "instance": null,
        "key": undefined,
        "nodeType": "host",
        "props": Object {},
        "ref": null,
        "rendered": null,
        "type": "hr",
      },
      Object {
        "instance": null,
        "key": undefined,
        "nodeType": "class",
        "props": Object {
          "url": "https://ephtracking.cdc.gov/apigateway/api/v1/geography/null/null/0",
          "validUrl": false,
        },
        "ref": null,
        "rendered": null,
        "type": [Function],
      },
    ],
    "type": Symbol(react.fragment),
  },
  Symbol(enzyme.__nodes__): Array [
    Object {
      "instance": null,
      "key": undefined,
      "nodeType": "function",
      "props": Object {
        "children": Array [
          <h1
            className="title"
>
            Retrieving all Geographies for a MeasureId, GeographicType and Geographic Rollup
</h1>,
          <h5
            className="title is-5"
>
            Usage
</h5>,
          <CodeBlock>
            https://ephtracking.cdc.gov/apigateway/api/
            {
            version
            }
            /geography/
            {
            measureId
            }
            /
            {
            geographicTypeId
            }
            /
            {
            geographicRollup
            }
            [?apiToken]
</CodeBlock>,
          <hr />,
          <h5
            className="title is-5"
>
            Set parameters
</h5>,
          <CIM
            handleSelect={[Function]}
/>,
          <SelectGeographicType
            handleSelect={[Function]}
            measureId={null}
/>,
          <div
            className="field"
>
            <label
                        className="checkbox"
            >
                        <input
                                    checked={false}
                                    className="input-checkbox"
                                    name="geographicRollup"
                                    onChange={[Function]}
                                    type="checkbox"
                        />
                        geographicRollup
            </label>
</div>,
          <hr />,
          <Preview
            url="https://ephtracking.cdc.gov/apigateway/api/v1/geography/null/null/0"
            validUrl={false}
/>,
        ],
      },
      "ref": null,
      "rendered": Array [
        Object {
          "instance": null,
          "key": undefined,
          "nodeType": "host",
          "props": Object {
            "children": "Retrieving all Geographies for a MeasureId, GeographicType and Geographic Rollup",
            "className": "title",
          },
          "ref": null,
          "rendered": "Retrieving all Geographies for a MeasureId, GeographicType and Geographic Rollup",
          "type": "h1",
        },
        Object {
          "instance": null,
          "key": undefined,
          "nodeType": "host",
          "props": Object {
            "children": "Usage",
            "className": "title is-5",
          },
          "ref": null,
          "rendered": "Usage",
          "type": "h5",
        },
        Object {
          "instance": null,
          "key": undefined,
          "nodeType": "function",
          "props": Object {
            "children": Array [
              "https://ephtracking.cdc.gov/apigateway/api/",
              "{",
              "version",
              "}",
              "/geography/",
              "{",
              "measureId",
              "}",
              "/",
              "{",
              "geographicTypeId",
              "}",
              "/",
              "{",
              "geographicRollup",
              "}",
              "[?apiToken]",
            ],
          },
          "ref": null,
          "rendered": Array [
            "https://ephtracking.cdc.gov/apigateway/api/",
            "{",
            "version",
            "}",
            "/geography/",
            "{",
            "measureId",
            "}",
            "/",
            "{",
            "geographicTypeId",
            "}",
            "/",
            "{",
            "geographicRollup",
            "}",
            "[?apiToken]",
          ],
          "type": [Function],
        },
        Object {
          "instance": null,
          "key": undefined,
          "nodeType": "host",
          "props": Object {},
          "ref": null,
          "rendered": null,
          "type": "hr",
        },
        Object {
          "instance": null,
          "key": undefined,
          "nodeType": "host",
          "props": Object {
            "children": "Set parameters",
            "className": "title is-5",
          },
          "ref": null,
          "rendered": "Set parameters",
          "type": "h5",
        },
        Object {
          "instance": null,
          "key": undefined,
          "nodeType": "class",
          "props": Object {
            "handleSelect": [Function],
          },
          "ref": null,
          "rendered": null,
          "type": [Function],
        },
        Object {
          "instance": null,
          "key": undefined,
          "nodeType": "class",
          "props": Object {
            "handleSelect": [Function],
            "measureId": null,
          },
          "ref": null,
          "rendered": null,
          "type": [Function],
        },
        Object {
          "instance": null,
          "key": undefined,
          "nodeType": "host",
          "props": Object {
            "children": <label
              className="checkbox"
>
              <input
                            checked={false}
                            className="input-checkbox"
                            name="geographicRollup"
                            onChange={[Function]}
                            type="checkbox"
              />
              geographicRollup
</label>,
            "className": "field",
          },
          "ref": null,
          "rendered": Object {
            "instance": null,
            "key": undefined,
            "nodeType": "host",
            "props": Object {
              "children": Array [
                <input
                  checked={false}
                  className="input-checkbox"
                  name="geographicRollup"
                  onChange={[Function]}
                  type="checkbox"
/>,
                "geographicRollup",
              ],
              "className": "checkbox",
            },
            "ref": null,
            "rendered": Array [
              Object {
                "instance": null,
                "key": undefined,
                "nodeType": "host",
                "props": Object {
                  "checked": false,
                  "className": "input-checkbox",
                  "name": "geographicRollup",
                  "onChange": [Function],
                  "type": "checkbox",
                },
                "ref": null,
                "rendered": null,
                "type": "input",
              },
              "geographicRollup",
            ],
            "type": "label",
          },
          "type": "div",
        },
        Object {
          "instance": null,
          "key": undefined,
          "nodeType": "host",
          "props": Object {},
          "ref": null,
          "rendered": null,
          "type": "hr",
        },
        Object {
          "instance": null,
          "key": undefined,
          "nodeType": "class",
          "props": Object {
            "url": "https://ephtracking.cdc.gov/apigateway/api/v1/geography/null/null/0",
            "validUrl": false,
          },
          "ref": null,
          "rendered": null,
          "type": [Function],
        },
      ],
      "type": Symbol(react.fragment),
    },
  ],
  Symbol(enzyme.__options__): Object {
    "adapter": ReactSixteenAdapter {
      "options": Object {
        "enableComponentDidUpdateOnSetState": true,
      },
    },
  },
}
`;
